topologySpreadConstraints -> should use custom topologySpreadConstraints:
  1: |
    - labelSelector:
        matchLabels:
          app.kubernetes.io/component: engine
      maxSkew: 1
      topologyKey: topology.kubernetes.io/zone
      whenUnsatisfiable: DoNotSchedule
  2: |
    - labelSelector:
        matchLabels:
          app.kubernetes.io/component: engine
      maxSkew: 1
      topologyKey: topology.kubernetes.io/zone
      whenUnsatisfiable: DoNotSchedule
