// Jest Snapshot v1, https://goo.gl/fbAQLP

exports[`LinkLoginButton it renders properly 1`] = `
<div>
  <div
    class="css-hpy5m7"
  >
    <span
      class="css-77ouhj--primary css-77ouhj--medium css-1rchs6o--inline css-77ouhj--strong css-66w5es"
    >
      Sign in via deeplink
    </span>
    <span
      class="css-77ouhj--primary css-77ouhj--medium css-1rchs6o--inline css-66w5es"
    >
      Make sure to have the app installed
    </span>
    <button
      aria-disabled="false"
      class="css-td06pi-button"
      type="button"
    >
      <span
        class="css-1riaxdn"
      >
        Connect Mobile App
      </span>
    </button>
  </div>
</div>
`;
