// Jest Snapshot v1, https://goo.gl/fbAQLP

exports[`TeamResponder it renders data properly 1`] = `
<div>
  <li>
    <div
      class="css-iurco4"
    >
      <div
        class="css-1keojjo"
      >
        <div
          class="css-1yiiywv"
        >
          <img
            class="css-m6de9j css-m6de9j--medium"
            data-testid="test__avatar"
            src="https://example.com"
          />
        </div>
        <span
          class="css-77ouhj--undefined css-77ouhj--medium css-1rchs6o--inline css-1dl45yk"
        >
          my test team
        </span>
      </div>
      <button
        aria-label="Remove responder"
        class="css-a2noi1"
        data-testid="team-responder-delete-icon"
        tabindex="0"
        type="button"
      />
    </div>
  </li>
</div>
`;
