// Jest Snapshot v1, https://goo.gl/fbAQLP

exports[`SourceCode It renders at 0% 1`] = `
<div>
  <div
    class="css-1ixaoku"
  >
    <div
      class="css-1oyrmju css-1oyrmju--progress"
      data-testid="progressBar__row"
      style="width: 20%;"
    >
      <div
        class="css-qn06wj css-qn06wj--danger"
        data-testid="progressBar__bar"
        style="width: 0%;"
      />
    </div>
    <div
      class="css-1oyrmju css-1oyrmju--progress"
      data-testid="progressBar__row"
      style="width: 20%;"
    >
      <div
        class="css-qn06wj css-qn06wj--danger"
        data-testid="progressBar__bar"
        style="width: 0%;"
      />
    </div>
    <div
      class="css-1oyrmju css-1oyrmju--progress"
      data-testid="progressBar__row"
      style="width: 20%;"
    >
      <div
        class="css-qn06wj css-qn06wj--danger"
        data-testid="progressBar__bar"
        style="width: 0%;"
      />
    </div>
    <div
      class="css-1oyrmju css-1oyrmju--progress"
      data-testid="progressBar__row"
      style="width: 20%;"
    >
      <div
        class="css-qn06wj css-qn06wj--danger"
        data-testid="progressBar__bar"
        style="width: 0%;"
      />
    </div>
    <div
      class="css-1oyrmju css-1oyrmju--progress"
      data-testid="progressBar__row"
      style="width: 20%;"
    >
      <div
        class="css-qn06wj css-qn06wj--danger"
        data-testid="progressBar__bar"
        style="width: 0%;"
      />
    </div>
  </div>
</div>
`;

exports[`SourceCode It renders at 25% 1`] = `
<div>
  <div
    class="css-1ixaoku"
  >
    <div
      class="css-1oyrmju css-1oyrmju--progress"
      data-testid="progressBar__row"
      style="width: 20%;"
    >
      <div
        class="css-qn06wj css-qn06wj--warning"
        data-testid="progressBar__bar"
        style="width: 100%;"
      />
    </div>
    <div
      class="css-1oyrmju css-1oyrmju--progress"
      data-testid="progressBar__row"
      style="width: 20%;"
    >
      <div
        class="css-qn06wj css-qn06wj--warning"
        data-testid="progressBar__bar"
        style="width: 25%;"
      />
    </div>
    <div
      class="css-1oyrmju css-1oyrmju--progress"
      data-testid="progressBar__row"
      style="width: 20%;"
    >
      <div
        class="css-qn06wj css-qn06wj--warning"
        data-testid="progressBar__bar"
        style="width: 0%;"
      />
    </div>
    <div
      class="css-1oyrmju css-1oyrmju--progress"
      data-testid="progressBar__row"
      style="width: 20%;"
    >
      <div
        class="css-qn06wj css-qn06wj--warning"
        data-testid="progressBar__bar"
        style="width: 0%;"
      />
    </div>
    <div
      class="css-1oyrmju css-1oyrmju--progress"
      data-testid="progressBar__row"
      style="width: 20%;"
    >
      <div
        class="css-qn06wj css-qn06wj--warning"
        data-testid="progressBar__bar"
        style="width: 0%;"
      />
    </div>
  </div>
</div>
`;

exports[`SourceCode It renders at 30% 1`] = `
<div>
  <div
    class="css-1ixaoku"
  >
    <div
      class="css-1oyrmju css-1oyrmju--progress"
      data-testid="progressBar__row"
      style="width: 20%;"
    >
      <div
        class="css-qn06wj css-qn06wj--warning"
        data-testid="progressBar__bar"
        style="width: 100%;"
      />
    </div>
    <div
      class="css-1oyrmju css-1oyrmju--progress"
      data-testid="progressBar__row"
      style="width: 20%;"
    >
      <div
        class="css-qn06wj css-qn06wj--warning"
        data-testid="progressBar__bar"
        style="width: 50%;"
      />
    </div>
    <div
      class="css-1oyrmju css-1oyrmju--progress"
      data-testid="progressBar__row"
      style="width: 20%;"
    >
      <div
        class="css-qn06wj css-qn06wj--warning"
        data-testid="progressBar__bar"
        style="width: 0%;"
      />
    </div>
    <div
      class="css-1oyrmju css-1oyrmju--progress"
      data-testid="progressBar__row"
      style="width: 20%;"
    >
      <div
        class="css-qn06wj css-qn06wj--warning"
        data-testid="progressBar__bar"
        style="width: 0%;"
      />
    </div>
    <div
      class="css-1oyrmju css-1oyrmju--progress"
      data-testid="progressBar__row"
      style="width: 20%;"
    >
      <div
        class="css-qn06wj css-qn06wj--warning"
        data-testid="progressBar__bar"
        style="width: 0%;"
      />
    </div>
  </div>
</div>
`;

exports[`SourceCode It renders at 50% 1`] = `
<div>
  <div
    class="css-1ixaoku"
  >
    <div
      class="css-1oyrmju css-1oyrmju--progress"
      data-testid="progressBar__row"
      style="width: 20%;"
    >
      <div
        class="css-qn06wj css-qn06wj--warning"
        data-testid="progressBar__bar"
        style="width: 100%;"
      />
    </div>
    <div
      class="css-1oyrmju css-1oyrmju--progress"
      data-testid="progressBar__row"
      style="width: 20%;"
    >
      <div
        class="css-qn06wj css-qn06wj--warning"
        data-testid="progressBar__bar"
        style="width: 100%;"
      />
    </div>
    <div
      class="css-1oyrmju css-1oyrmju--progress"
      data-testid="progressBar__row"
      style="width: 20%;"
    >
      <div
        class="css-qn06wj css-qn06wj--warning"
        data-testid="progressBar__bar"
        style="width: 50%;"
      />
    </div>
    <div
      class="css-1oyrmju css-1oyrmju--progress"
      data-testid="progressBar__row"
      style="width: 20%;"
    >
      <div
        class="css-qn06wj css-qn06wj--warning"
        data-testid="progressBar__bar"
        style="width: 0%;"
      />
    </div>
    <div
      class="css-1oyrmju css-1oyrmju--progress"
      data-testid="progressBar__row"
      style="width: 20%;"
    >
      <div
        class="css-qn06wj css-qn06wj--warning"
        data-testid="progressBar__bar"
        style="width: 0%;"
      />
    </div>
  </div>
</div>
`;

exports[`SourceCode It renders at 65% 1`] = `
<div>
  <div
    class="css-1ixaoku"
  >
    <div
      class="css-1oyrmju css-1oyrmju--progress"
      data-testid="progressBar__row"
      style="width: 20%;"
    >
      <div
        class="css-qn06wj css-qn06wj--primary"
        data-testid="progressBar__bar"
        style="width: 100%;"
      />
    </div>
    <div
      class="css-1oyrmju css-1oyrmju--progress"
      data-testid="progressBar__row"
      style="width: 20%;"
    >
      <div
        class="css-qn06wj css-qn06wj--primary"
        data-testid="progressBar__bar"
        style="width: 100%;"
      />
    </div>
    <div
      class="css-1oyrmju css-1oyrmju--progress"
      data-testid="progressBar__row"
      style="width: 20%;"
    >
      <div
        class="css-qn06wj css-qn06wj--primary"
        data-testid="progressBar__bar"
        style="width: 100%;"
      />
    </div>
    <div
      class="css-1oyrmju css-1oyrmju--progress"
      data-testid="progressBar__row"
      style="width: 20%;"
    >
      <div
        class="css-qn06wj css-qn06wj--primary"
        data-testid="progressBar__bar"
        style="width: 25%;"
      />
    </div>
    <div
      class="css-1oyrmju css-1oyrmju--progress"
      data-testid="progressBar__row"
      style="width: 20%;"
    >
      <div
        class="css-qn06wj css-qn06wj--primary"
        data-testid="progressBar__bar"
        style="width: 0%;"
      />
    </div>
  </div>
</div>
`;

exports[`SourceCode It renders at 70% 1`] = `
<div>
  <div
    class="css-1ixaoku"
  >
    <div
      class="css-1oyrmju css-1oyrmju--progress"
      data-testid="progressBar__row"
      style="width: 20%;"
    >
      <div
        class="css-qn06wj css-qn06wj--primary"
        data-testid="progressBar__bar"
        style="width: 100%;"
      />
    </div>
    <div
      class="css-1oyrmju css-1oyrmju--progress"
      data-testid="progressBar__row"
      style="width: 20%;"
    >
      <div
        class="css-qn06wj css-qn06wj--primary"
        data-testid="progressBar__bar"
        style="width: 100%;"
      />
    </div>
    <div
      class="css-1oyrmju css-1oyrmju--progress"
      data-testid="progressBar__row"
      style="width: 20%;"
    >
      <div
        class="css-qn06wj css-qn06wj--primary"
        data-testid="progressBar__bar"
        style="width: 100%;"
      />
    </div>
    <div
      class="css-1oyrmju css-1oyrmju--progress"
      data-testid="progressBar__row"
      style="width: 20%;"
    >
      <div
        class="css-qn06wj css-qn06wj--primary"
        data-testid="progressBar__bar"
        style="width: 50%;"
      />
    </div>
    <div
      class="css-1oyrmju css-1oyrmju--progress"
      data-testid="progressBar__row"
      style="width: 20%;"
    >
      <div
        class="css-qn06wj css-qn06wj--primary"
        data-testid="progressBar__bar"
        style="width: 0%;"
      />
    </div>
  </div>
</div>
`;

exports[`SourceCode It renders at 100% 1`] = `
<div>
  <div
    class="css-1ixaoku"
  >
    <div
      class="css-1oyrmju css-1oyrmju--progress"
      data-testid="progressBar__row"
      style="width: 20%;"
    >
      <div
        class="css-qn06wj css-qn06wj--primary"
        data-testid="progressBar__bar"
        style="width: 100%;"
      />
    </div>
    <div
      class="css-1oyrmju css-1oyrmju--progress"
      data-testid="progressBar__row"
      style="width: 20%;"
    >
      <div
        class="css-qn06wj css-qn06wj--primary"
        data-testid="progressBar__bar"
        style="width: 100%;"
      />
    </div>
    <div
      class="css-1oyrmju css-1oyrmju--progress"
      data-testid="progressBar__row"
      style="width: 20%;"
    >
      <div
        class="css-qn06wj css-qn06wj--primary"
        data-testid="progressBar__bar"
        style="width: 100%;"
      />
    </div>
    <div
      class="css-1oyrmju css-1oyrmju--progress"
      data-testid="progressBar__row"
      style="width: 20%;"
    >
      <div
        class="css-qn06wj css-qn06wj--primary"
        data-testid="progressBar__bar"
        style="width: 100%;"
      />
    </div>
    <div
      class="css-1oyrmju css-1oyrmju--progress"
      data-testid="progressBar__row"
      style="width: 20%;"
    >
      <div
        class="css-qn06wj css-qn06wj--primary"
        data-testid="progressBar__bar"
        style="width: 100%;"
      />
    </div>
  </div>
</div>
`;
